Archive member included to satisfy reference by file (symbol)

C:/appz/ST/STM32CubeIDE_1.10.1/STM32CubeIDE/plugins/com.st.stm32cube.ide.mcu.externaltools.gnu-tools-for-stm32.11.3.rel1.win32_1.1.0.202305231506/tools/bin/../lib/gcc/arm-none-eabi/11.3.1/../../../../arm-none-eabi/lib/thumb/v6-m/nofp\libc_nano.a(libc_a-exit.o)
                              C:/appz/ST/STM32CubeIDE_1.10.1/STM32CubeIDE/plugins/com.st.stm32cube.ide.mcu.externaltools.gnu-tools-for-stm32.11.3.rel1.win32_1.1.0.202305231506/tools/bin/../lib/gcc/arm-none-eabi/11.3.1/../../../../arm-none-eabi/lib/thumb/v6-m/nofp/crt0.o (exit)
C:/appz/ST/STM32CubeIDE_1.10.1/STM32CubeIDE/plugins/com.st.stm32cube.ide.mcu.externaltools.gnu-tools-for-stm32.11.3.rel1.win32_1.1.0.202305231506/tools/bin/../lib/gcc/arm-none-eabi/11.3.1/../../../../arm-none-eabi/lib/thumb/v6-m/nofp\libc_nano.a(libc_a-findfp.o)
                              C:/appz/ST/STM32CubeIDE_1.10.1/STM32CubeIDE/plugins/com.st.stm32cube.ide.mcu.externaltools.gnu-tools-for-stm32.11.3.rel1.win32_1.1.0.202305231506/tools/bin/../lib/gcc/arm-none-eabi/11.3.1/../../../../arm-none-eabi/lib/thumb/v6-m/nofp\libc_nano.a(libc_a-exit.o) (__stdio_exit_handler)
C:/appz/ST/STM32CubeIDE_1.10.1/STM32CubeIDE/plugins/com.st.stm32cube.ide.mcu.externaltools.gnu-tools-for-stm32.11.3.rel1.win32_1.1.0.202305231506/tools/bin/../lib/gcc/arm-none-eabi/11.3.1/../../../../arm-none-eabi/lib/thumb/v6-m/nofp\libc_nano.a(libc_a-fwalk.o)
                              C:/appz/ST/STM32CubeIDE_1.10.1/STM32CubeIDE/plugins/com.st.stm32cube.ide.mcu.externaltools.gnu-tools-for-stm32.11.3.rel1.win32_1.1.0.202305231506/tools/bin/../lib/gcc/arm-none-eabi/11.3.1/../../../../arm-none-eabi/lib/thumb/v6-m/nofp\libc_nano.a(libc_a-findfp.o) (_fwalk_sglue)
C:/appz/ST/STM32CubeIDE_1.10.1/STM32CubeIDE/plugins/com.st.stm32cube.ide.mcu.externaltools.gnu-tools-for-stm32.11.3.rel1.win32_1.1.0.202305231506/tools/bin/../lib/gcc/arm-none-eabi/11.3.1/../../../../arm-none-eabi/lib/thumb/v6-m/nofp\libc_nano.a(libc_a-stdio.o)
                              C:/appz/ST/STM32CubeIDE_1.10.1/STM32CubeIDE/plugins/com.st.stm32cube.ide.mcu.externaltools.gnu-tools-for-stm32.11.3.rel1.win32_1.1.0.202305231506/tools/bin/../lib/gcc/arm-none-eabi/11.3.1/../../../../arm-none-eabi/lib/thumb/v6-m/nofp\libc_nano.a(libc_a-findfp.o) (__sread)
C:/appz/ST/STM32CubeIDE_1.10.1/STM32CubeIDE/plugins/com.st.stm32cube.ide.mcu.externaltools.gnu-tools-for-stm32.11.3.rel1.win32_1.1.0.202305231506/tools/bin/../lib/gcc/arm-none-eabi/11.3.1/../../../../arm-none-eabi/lib/thumb/v6-m/nofp\libc_nano.a(libc_a-memset.o)
                              C:/appz/ST/STM32CubeIDE_1.10.1/STM32CubeIDE/plugins/com.st.stm32cube.ide.mcu.externaltools.gnu-tools-for-stm32.11.3.rel1.win32_1.1.0.202305231506/tools/bin/../lib/gcc/arm-none-eabi/11.3.1/../../../../arm-none-eabi/lib/thumb/v6-m/nofp/crt0.o (memset)
C:/appz/ST/STM32CubeIDE_1.10.1/STM32CubeIDE/plugins/com.st.stm32cube.ide.mcu.externaltools.gnu-tools-for-stm32.11.3.rel1.win32_1.1.0.202305231506/tools/bin/../lib/gcc/arm-none-eabi/11.3.1/../../../../arm-none-eabi/lib/thumb/v6-m/nofp\libc_nano.a(libc_a-closer.o)
                              C:/appz/ST/STM32CubeIDE_1.10.1/STM32CubeIDE/plugins/com.st.stm32cube.ide.mcu.externaltools.gnu-tools-for-stm32.11.3.rel1.win32_1.1.0.202305231506/tools/bin/../lib/gcc/arm-none-eabi/11.3.1/../../../../arm-none-eabi/lib/thumb/v6-m/nofp\libc_nano.a(libc_a-stdio.o) (_close_r)
C:/appz/ST/STM32CubeIDE_1.10.1/STM32CubeIDE/plugins/com.st.stm32cube.ide.mcu.externaltools.gnu-tools-for-stm32.11.3.rel1.win32_1.1.0.202305231506/tools/bin/../lib/gcc/arm-none-eabi/11.3.1/../../../../arm-none-eabi/lib/thumb/v6-m/nofp\libc_nano.a(libc_a-reent.o)
                              C:/appz/ST/STM32CubeIDE_1.10.1/STM32CubeIDE/plugins/com.st.stm32cube.ide.mcu.externaltools.gnu-tools-for-stm32.11.3.rel1.win32_1.1.0.202305231506/tools/bin/../lib/gcc/arm-none-eabi/11.3.1/../../../../arm-none-eabi/lib/thumb/v6-m/nofp\libc_nano.a(libc_a-closer.o) (errno)
C:/appz/ST/STM32CubeIDE_1.10.1/STM32CubeIDE/plugins/com.st.stm32cube.ide.mcu.externaltools.gnu-tools-for-stm32.11.3.rel1.win32_1.1.0.202305231506/tools/bin/../lib/gcc/arm-none-eabi/11.3.1/../../../../arm-none-eabi/lib/thumb/v6-m/nofp\libc_nano.a(libc_a-impure.o)
                              C:/appz/ST/STM32CubeIDE_1.10.1/STM32CubeIDE/plugins/com.st.stm32cube.ide.mcu.externaltools.gnu-tools-for-stm32.11.3.rel1.win32_1.1.0.202305231506/tools/bin/../lib/gcc/arm-none-eabi/11.3.1/../../../../arm-none-eabi/lib/thumb/v6-m/nofp\libc_nano.a(libc_a-reent.o) (_impure_ptr)
C:/appz/ST/STM32CubeIDE_1.10.1/STM32CubeIDE/plugins/com.st.stm32cube.ide.mcu.externaltools.gnu-tools-for-stm32.11.3.rel1.win32_1.1.0.202305231506/tools/bin/../lib/gcc/arm-none-eabi/11.3.1/../../../../arm-none-eabi/lib/thumb/v6-m/nofp\libc_nano.a(libc_a-lseekr.o)
[...]
Memory Configuration

Name             Origin             Length             Attributes
RAM              0x0000000020000000 0x0000000000002000 xrw
FLASH            0x0000000008000000 0x0000000000010000 xr
*default*        0x0000000000000000 0xffffffffffffffff

Linker script and memory map

LOAD C:/appz/ST/STM32CubeIDE_1.10.1/STM32CubeIDE/plugins/com.st.stm32cube.ide.mcu.externaltools.gnu-tools-for-stm32.11.3.rel1.win32_1.1.0.202305231506/tools/bin/../lib/gcc/arm-none-eabi/11.3.1/thumb/v6-m/nofp/crti.o
LOAD C:/appz/ST/STM32CubeIDE_1.10.1/STM32CubeIDE/plugins/com.st.stm32cube.ide.mcu.externaltools.gnu-tools-for-stm32.11.3.rel1.win32_1.1.0.202305231506/tools/bin/../lib/gcc/arm-none-eabi/11.3.1/thumb/v6-m/nofp/crtbegin.o
LOAD C:/appz/ST/STM32CubeIDE_1.10.1/STM32CubeIDE/plugins/com.st.stm32cube.ide.mcu.externaltools.gnu-tools-for-stm32.11.3.rel1.win32_1.1.0.202305231506/tools/bin/../lib/gcc/arm-none-eabi/11.3.1/../../../../arm-none-eabi/lib/thumb/v6-m/nofp/crt0.o
LOAD ./Core/Src/main.o
LOAD ./Core/Src/stm32f0xx_it.o
LOAD ./Core/Src/syscalls.o
LOAD ./Core/Src/sysmem.o
LOAD ./Core/Src/system_stm32f0xx.o
LOAD ./Core/Startup/startup_stm32f030r8tx.o
LOAD ./Drivers/STM32F0xx_HAL_Driver/Src/stm32f0xx_ll_dma.o
LOAD ./Drivers/STM32F0xx_HAL_Driver/Src/stm32f0xx_ll_exti.o
LOAD ./Drivers/STM32F0xx_HAL_Driver/Src/stm32f0xx_ll_gpio.o
LOAD ./Drivers/STM32F0xx_HAL_Driver/Src/stm32f0xx_ll_pwr.o
LOAD ./Drivers/STM32F0xx_HAL_Driver/Src/stm32f0xx_ll_rcc.o
LOAD ./Drivers/STM32F0xx_HAL_Driver/Src/stm32f0xx_ll_usart.o
LOAD ./Drivers/STM32F0xx_HAL_Driver/Src/stm32f0xx_ll_utils.o
START GROUP
LOAD C:/appz/ST/STM32CubeIDE_1.10.1/STM32CubeIDE/plugins/com.st.stm32cube.ide.mcu.externaltools.gnu-tools-for-stm32.11.3.rel1.win32_1.1.0.202305231506/tools/bin/../lib/gcc/arm-none-eabi/11.3.1/../../../../arm-none-eabi/lib/thumb/v6-m/nofp\libc_nano.a
LOAD C:/appz/ST/STM32CubeIDE_1.10.1/STM32CubeIDE/plugins/com.st.stm32cube.ide.mcu.externaltools.gnu-tools-for-stm32.11.3.rel1.win32_1.1.0.202305231506/tools/bin/../lib/gcc/arm-none-eabi/11.3.1/../../../../arm-none-eabi/lib/thumb/v6-m/nofp\libm.a
END GROUP
START GROUP
LOAD C:/appz/ST/STM32CubeIDE_1.10.1/STM32CubeIDE/plugins/com.st.stm32cube.ide.mcu.externaltools.gnu-tools-for-stm32.11.3.rel1.win32_1.1.0.202305231506/tools/bin/../lib/gcc/arm-none-eabi/11.3.1/thumb/v6-m/nofp\libgcc.a
LOAD C:/appz/ST/STM32CubeIDE_1.10.1/STM32CubeIDE/plugins/com.st.stm32cube.ide.mcu.externaltools.gnu-tools-for-stm32.11.3.rel1.win32_1.1.0.202305231506/tools/bin/../lib/gcc/arm-none-eabi/11.3.1/../../../../arm-none-eabi/lib/thumb/v6-m/nofp\libc_nano.a
END GROUP
START GROUP
LOAD C:/appz/ST/STM32CubeIDE_1.10.1/STM32CubeIDE/plugins/com.st.stm32cube.ide.mcu.externaltools.gnu-tools-for-stm32.11.3.rel1.win32_1.1.0.202305231506/tools/bin/../lib/gcc/arm-none-eabi/11.3.1/thumb/v6-m/nofp\libgcc.a
LOAD C:/appz/ST/STM32CubeIDE_1.10.1/STM32CubeIDE/plugins/com.st.stm32cube.ide.mcu.externaltools.gnu-tools-for-stm32.11.3.rel1.win32_1.1.0.202305231506/tools/bin/../lib/gcc/arm-none-eabi/11.3.1/../../../../arm-none-eabi/lib/thumb/v6-m/nofp\libc_nano.a
LOAD C:/appz/ST/STM32CubeIDE_1.10.1/STM32CubeIDE/plugins/com.st.stm32cube.ide.mcu.externaltools.gnu-tools-for-stm32.11.3.rel1.win32_1.1.0.202305231506/tools/bin/../lib/gcc/arm-none-eabi/11.3.1/../../../../arm-none-eabi/lib/thumb/v6-m/nofp\libnosys.a
END GROUP
START GROUP
LOAD C:/appz/ST/STM32CubeIDE_1.10.1/STM32CubeIDE/plugins/com.st.stm32cube.ide.mcu.externaltools.gnu-tools-for-stm32.11.3.rel1.win32_1.1.0.202305231506/tools/bin/../lib/gcc/arm-none-eabi/11.3.1/thumb/v6-m/nofp\libgcc.a
LOAD C:/appz/ST/STM32CubeIDE_1.10.1/STM32CubeIDE/plugins/com.st.stm32cube.ide.mcu.externaltools.gnu-tools-for-stm32.11.3.rel1.win32_1.1.0.202305231506/tools/bin/../lib/gcc/arm-none-eabi/11.3.1/../../../../arm-none-eabi/lib/thumb/v6-m/nofp\libc_nano.a
LOAD C:/appz/ST/STM32CubeIDE_1.10.1/STM32CubeIDE/plugins/com.st.stm32cube.ide.mcu.externaltools.gnu-tools-for-stm32.11.3.rel1.win32_1.1.0.202305231506/tools/bin/../lib/gcc/arm-none-eabi/11.3.1/../../../../arm-none-eabi/lib/thumb/v6-m/nofp\libnosys.a
END GROUP
LOAD C:/appz/ST/STM32CubeIDE_1.10.1/STM32CubeIDE/plugins/com.st.stm32cube.ide.mcu.externaltools.gnu-tools-for-stm32.11.3.rel1.win32_1.1.0.202305231506/tools/bin/../lib/gcc/arm-none-eabi/11.3.1/thumb/v6-m/nofp/crtend.o
LOAD C:/appz/ST/STM32CubeIDE_1.10.1/STM32CubeIDE/plugins/com.st.stm32cube.ide.mcu.externaltools.gnu-tools-for-stm32.11.3.rel1.win32_1.1.0.202305231506/tools/bin/../lib/gcc/arm-none-eabi/11.3.1/thumb/v6-m/nofp/crtn.o
                0x0000000020002000                _estack = (ORIGIN (RAM) + LENGTH (RAM))
                0x0000000000000200                _Min_Heap_Size = 0x200
                0x0000000000000400                _Min_Stack_Size = 0x400

.isr_vector     0x0000000008000000       0xc0
                0x0000000008000000                . = ALIGN (0x4)
 *(.isr_vector)
 .isr_vector    0x0000000008000000       0xc0 ./Core/Startup/startup_stm32f030r8tx.o
                0x0000000008000000                g_pfnVectors
                0x00000000080000c0                . = ALIGN (0x4)

.text           0x00000000080000c0     0x1460
                0x00000000080000c0                . = ALIGN (0x4)
 *(.text)
 .text          0x00000000080000c0       0x48 C:/appz/ST/STM32CubeIDE_1.10.1/STM32CubeIDE/plugins/com.st.stm32cube.ide.mcu.externaltools.gnu-tools-for-stm32.11.3.rel1.win32_1.1.0.202305231506/tools/bin/../lib/gcc/arm-none-eabi/11.3.1/thumb/v6-m/nofp/crtbegin.o
 .text          0x0000000008000108      0x114 C:/appz/ST/STM32CubeIDE_1.10.1/STM32CubeIDE/plugins/com.st.stm32cube.ide.mcu.externaltools.gnu-tools-for-stm32.11.3.rel1.win32_1.1.0.202305231506/tools/bin/../lib/gcc/arm-none-eabi/11.3.1/thumb/v6-m/nofp\libgcc.a(_udivsi3.o)
                0x0000000008000108                __aeabi_uidiv
                0x0000000008000108                __udivsi3
                0x0000000008000214                __aeabi_uidivmod
 .text          0x000000000800021c        0x4 C:/appz/ST/STM32CubeIDE_1.10.1/STM32CubeIDE/plugins/com.st.stm32cube.ide.mcu.externaltools.gnu-tools-for-stm32.11.3.rel1.win32_1.1.0.202305231506/tools/bin/../lib/gcc/arm-none-eabi/11.3.1/thumb/v6-m/nofp\libgcc.a(_dvmd_tls.o)
                0x000000000800021c                __aeabi_idiv0
                0x000000000800021c                __aeabi_ldiv0
 *(.text*)
 .text.LL_RCC_HSI_Enable
                0x0000000008000220       0x1c ./Core/Src/main.o
 .text.LL_RCC_HSI_IsReady
                0x000000000800023c       0x20 ./Core/Src/main.o
 .text.LL_RCC_HSI_SetCalibTrimming
                0x000000000800025c       0x28 ./Core/Src/main.o
 .text.LL_RCC_SetSysClkSource
                0x0000000008000284       0x28 ./Core/Src/main.o
 .text.LL_RCC_GetSysClkSource
                0x00000000080002ac       0x18 ./Core/Src/main.o
 .text.LL_RCC_SetAHBPrescaler
                0x00000000080002c4       0x28 ./Core/Src/main.o
 .text.LL_RCC_SetAPB1Prescaler
                0x00000000080002ec       0x2c ./Core/Src/main.o
 .text.LL_RCC_PLL_Enable
                0x0000000008000318       0x1c ./Core/Src/main.o
 .text.LL_RCC_PLL_IsReady
                0x0000000008000334       0x28 ./Core/Src/main.o
 .text.LL_RCC_PLL_ConfigDomain_SYS
                0x000000000800035c       0x4c ./Core/Src/main.o
 .text.LL_AHB1_GRP1_EnableClock
                0x00000000080003a8       0x2c ./Core/Src/main.o
 .text.LL_APB1_GRP1_EnableClock
                0x00000000080003d4       0x2c ./Core/Src/main.o
 .text.LL_APB1_GRP2_EnableClock
                0x0000000008000400       0x2c ./Core/Src/main.o
 .text.LL_SYSCFG_SetEXTISource
                0x000000000800042c       0x4c ./Core/Src/main.o
 .text.LL_FLASH_SetLatency
                0x0000000008000478       0x28 ./Core/Src/main.o
 .text.LL_FLASH_GetLatency
                0x00000000080004a0       0x18 ./Core/Src/main.o
 .text.LL_SYSTICK_EnableIT
                0x00000000080004b8       0x1c ./Core/Src/main.o
 .text.LL_USART_Enable
                0x00000000080004d4       0x1c ./Core/Src/main.o
 .text.LL_USART_ConfigAsyncMode
                0x00000000080004f0       0x30 ./Core/Src/main.o
 .text.LL_USART_DisableIT_CTS
                0x0000000008000520       0x44 ./Core/Src/main.o
 .text.LL_GPIO_SetPinMode
                0x0000000008000564       0x38 ./Core/Src/main.o
 .text.LL_GPIO_SetPinPull
                0x000000000800059c       0x38 ./Core/Src/main.o
 .text.LL_GPIO_IsInputPinSet
                0x00000000080005d4       0x24 ./Core/Src/main.o
 .text.LL_GPIO_SetOutputPin
                0x00000000080005f8       0x18 ./Core/Src/main.o
 .text.LL_GPIO_ResetOutputPin
                0x0000000008000610       0x18 ./Core/Src/main.o
 .text.LL_GPIO_TogglePin
                0x0000000008000628       0x2e ./Core/Src/main.o
 *fill*         0x0000000008000656        0x2 
 .text.blikac   0x0000000008000658       0x38 ./Core/Src/main.o
                0x0000000008000658                blikac
 .text.tlacitka
                0x0000000008000690       0xc8 ./Core/Src/main.o
                0x0000000008000690                tlacitka
 .text.volac    0x0000000008000758       0x4c ./Core/Src/main.o
                0x0000000008000758                volac
 .text.main     0x00000000080007a4       0x2e ./Core/Src/main.o
                0x00000000080007a4                main
 *fill*         0x00000000080007d2        0x2 
 .text.SystemClock_Config
                0x00000000080007d4       0x80 ./Core/Src/main.o
                0x00000000080007d4                SystemClock_Config
 .text.MX_USART2_UART_Init
                0x0000000008000854       0xfc ./Core/Src/main.o
 .text.MX_GPIO_Init
                0x0000000008000950      0x18c ./Core/Src/main.o
 .text.NMI_Handler
                0x0000000008000adc        0x6 ./Core/Src/stm32f0xx_it.o
                0x0000000008000adc                NMI_Handler
 .text.HardFault_Handler
                0x0000000008000ae2        0x6 ./Core/Src/stm32f0xx_it.o
                0x0000000008000ae2                HardFault_Handler
 .text.SVC_Handler
                0x0000000008000ae8        0xa ./Core/Src/stm32f0xx_it.o
                0x0000000008000ae8                SVC_Handler
 .text.PendSV_Handler
                0x0000000008000af2        0xa ./Core/Src/stm32f0xx_it.o
                0x0000000008000af2                PendSV_Handler
 .text.SysTick_Handler
                0x0000000008000afc       0x18 ./Core/Src/stm32f0xx_it.o
                0x0000000008000afc                SysTick_Handler
 .text.SystemInit
                0x0000000008000b14        0xa ./Core/Src/system_stm32f0xx.o
                0x0000000008000b14                SystemInit
 *fill*         0x0000000008000b1e        0x2 
 .text.Reset_Handler
                0x0000000008000b20       0x50 ./Core/Startup/startup_stm32f030r8tx.o
                0x0000000008000b20                Reset_Handler
 .text.Default_Handler
                0x0000000008000b70        0x2 ./Core/Startup/startup_stm32f030r8tx.o
                0x0000000008000b70                TIM1_CC_IRQHandler
                0x0000000008000b70                TIM6_IRQHandler
                0x0000000008000b70                I2C1_IRQHandler
                0x0000000008000b70                SPI1_IRQHandler
                0x0000000008000b70                EXTI2_3_IRQHandler
                0x0000000008000b70                ADC1_IRQHandler
                0x0000000008000b70                I2C2_IRQHandler
                0x0000000008000b70                TIM17_IRQHandler
                0x0000000008000b70                RTC_IRQHandler
                0x0000000008000b70                TIM16_IRQHandler
                0x0000000008000b70                TIM3_IRQHandler
                0x0000000008000b70                EXTI4_15_IRQHandler
                0x0000000008000b70                RCC_IRQHandler
                0x0000000008000b70                DMA1_Channel1_IRQHandler
                0x0000000008000b70                Default_Handler
                0x0000000008000b70                TIM14_IRQHandler
                0x0000000008000b70                DMA1_Channel4_5_IRQHandler
                0x0000000008000b70                TIM15_IRQHandler
                0x0000000008000b70                EXTI0_1_IRQHandler
                0x0000000008000b70                SPI2_IRQHandler
                0x0000000008000b70                WWDG_IRQHandler
                0x0000000008000b70                DMA1_Channel2_3_IRQHandler
                0x0000000008000b70                USART2_IRQHandler
                0x0000000008000b70                FLASH_IRQHandler
                0x0000000008000b70                USART1_IRQHandler
                0x0000000008000b70                TIM1_BRK_UP_TRG_COM_IRQHandler
 *fill*         0x0000000008000b72        0x2 
 .text.LL_EXTI_EnableIT_0_31
                0x0000000008000b74       0x20 ./Drivers/STM32F0xx_HAL_Driver/Src/stm32f0xx_ll_exti.o
 .text.LL_EXTI_DisableIT_0_31
                0x0000000008000b94       0x24 ./Drivers/STM32F0xx_HAL_Driver/Src/stm32f0xx_ll_exti.o
 .text.LL_EXTI_EnableEvent_0_31
                0x0000000008000bb8       0x20 ./Drivers/STM32F0xx_HAL_Driver/Src/stm32f0xx_ll_exti.o
 .text.LL_EXTI_DisableEvent_0_31
                0x0000000008000bd8       0x24 ./Drivers/STM32F0xx_HAL_Driver/Src/stm32f0xx_ll_exti.o
 .text.LL_EXTI_EnableRisingTrig_0_31
                0x0000000008000bfc       0x20 ./Drivers/STM32F0xx_HAL_Driver/Src/stm32f0xx_ll_exti.o
 .text.LL_EXTI_DisableRisingTrig_0_31
                0x0000000008000c1c       0x24 ./Drivers/STM32F0xx_HAL_Driver/Src/stm32f0xx_ll_exti.o
 .text.LL_EXTI_EnableFallingTrig_0_31
                0x0000000008000c40       0x20 ./Drivers/STM32F0xx_HAL_Driver/Src/stm32f0xx_ll_exti.o
 .text.LL_EXTI_DisableFallingTrig_0_31
                0x0000000008000c60       0x24 ./Drivers/STM32F0xx_HAL_Driver/Src/stm32f0xx_ll_exti.o
 .text.LL_EXTI_Init
                0x0000000008000c84      0x10e ./Drivers/STM32F0xx_HAL_Driver/Src/stm32f0xx_ll_exti.o
                0x0000000008000c84                LL_EXTI_Init
 .text.LL_GPIO_SetPinMode
                0x0000000008000d92       0x38 ./Drivers/STM32F0xx_HAL_Driver/Src/stm32f0xx_ll_gpio.o
 .text.LL_GPIO_SetPinOutputType
                0x0000000008000dca       0x2a ./Drivers/STM32F0xx_HAL_Driver/Src/stm32f0xx_ll_gpio.o
 .text.LL_GPIO_SetPinSpeed
                0x0000000008000df4       0x38 ./Drivers/STM32F0xx_HAL_Driver/Src/stm32f0xx_ll_gpio.o
 .text.LL_GPIO_SetPinPull
                0x0000000008000e2c       0x38 ./Drivers/STM32F0xx_HAL_Driver/Src/stm32f0xx_ll_gpio.o
 .text.LL_GPIO_SetAFPin_0_7
                0x0000000008000e64       0x46 ./Drivers/STM32F0xx_HAL_Driver/Src/stm32f0xx_ll_gpio.o
 .text.LL_GPIO_SetAFPin_8_15
                0x0000000008000eaa       0x5a ./Drivers/STM32F0xx_HAL_Driver/Src/stm32f0xx_ll_gpio.o
 .text.LL_GPIO_Init
                0x0000000008000f04       0xb8 ./Drivers/STM32F0xx_HAL_Driver/Src/stm32f0xx_ll_gpio.o
                0x0000000008000f04                LL_GPIO_Init
 .text.LL_RCC_HSI_IsReady
                0x0000000008000fbc       0x20 ./Drivers/STM32F0xx_HAL_Driver/Src/stm32f0xx_ll_rcc.o
 .text.LL_RCC_LSE_IsReady
                0x0000000008000fdc       0x20 ./Drivers/STM32F0xx_HAL_Driver/Src/stm32f0xx_ll_rcc.o
 .text.LL_RCC_GetSysClkSource
                0x0000000008000ffc       0x18 ./Drivers/STM32F0xx_HAL_Driver/Src/stm32f0xx_ll_rcc.o
 .text.LL_RCC_GetAHBPrescaler
                0x0000000008001014       0x18 ./Drivers/STM32F0xx_HAL_Driver/Src/stm32f0xx_ll_rcc.o
 .text.LL_RCC_GetAPB1Prescaler
                0x000000000800102c       0x18 ./Drivers/STM32F0xx_HAL_Driver/Src/stm32f0xx_ll_rcc.o
 .text.LL_RCC_GetUSARTClockSource
                0x0000000008001044       0x28 ./Drivers/STM32F0xx_HAL_Driver/Src/stm32f0xx_ll_rcc.o
 .text.LL_RCC_PLL_GetMainSource
                0x000000000800106c       0x18 ./Drivers/STM32F0xx_HAL_Driver/Src/stm32f0xx_ll_rcc.o
 .text.LL_RCC_PLL_GetMultiplicator
                0x0000000008001084       0x18 ./Drivers/STM32F0xx_HAL_Driver/Src/stm32f0xx_ll_rcc.o
 .text.LL_RCC_PLL_GetPrediv
                0x000000000800109c       0x18 ./Drivers/STM32F0xx_HAL_Driver/Src/stm32f0xx_ll_rcc.o
 .text.LL_RCC_GetSystemClocksFreq
                0x00000000080010b4       0x3a ./Drivers/STM32F0xx_HAL_Driver/Src/stm32f0xx_ll_rcc.o
                0x00000000080010b4                LL_RCC_GetSystemClocksFreq
 *fill*         0x00000000080010ee        0x2 
 .text.LL_RCC_GetUSARTClockFreq
                0x00000000080010f0       0x84 ./Drivers/STM32F0xx_HAL_Driver/Src/stm32f0xx_ll_rcc.o
                0x00000000080010f0                LL_RCC_GetUSARTClockFreq
 .text.RCC_GetSystemClockFreq
                0x0000000008001174       0x4c ./Drivers/STM32F0xx_HAL_Driver/Src/stm32f0xx_ll_rcc.o
                0x0000000008001174                RCC_GetSystemClockFreq
 .text.RCC_GetHCLKClockFreq
                0x00000000080011c0       0x2c ./Drivers/STM32F0xx_HAL_Driver/Src/stm32f0xx_ll_rcc.o
                0x00000000080011c0                RCC_GetHCLKClockFreq
 .text.RCC_GetPCLK1ClockFreq
                0x00000000080011ec       0x28 ./Drivers/STM32F0xx_HAL_Driver/Src/stm32f0xx_ll_rcc.o
                0x00000000080011ec                RCC_GetPCLK1ClockFreq
 .text.RCC_PLL_GetFreqDomain_SYS
                0x0000000008001214       0x70 ./Drivers/STM32F0xx_HAL_Driver/Src/stm32f0xx_ll_rcc.o
                0x0000000008001214                RCC_PLL_GetFreqDomain_SYS
 .text.LL_USART_IsEnabled
                0x0000000008001284       0x22 ./Drivers/STM32F0xx_HAL_Driver/Src/stm32f0xx_ll_usart.o
 *fill*         0x00000000080012a6        0x2 
 .text.LL_USART_SetStopBitsLength
                0x00000000080012a8       0x28 ./Drivers/STM32F0xx_HAL_Driver/Src/stm32f0xx_ll_usart.o
 .text.LL_USART_SetHWFlowCtrl
                0x00000000080012d0       0x28 ./Drivers/STM32F0xx_HAL_Driver/Src/stm32f0xx_ll_usart.o
 .text.LL_USART_SetBaudRate
                0x00000000080012f8       0x78 ./Drivers/STM32F0xx_HAL_Driver/Src/stm32f0xx_ll_usart.o
 .text.LL_USART_Init
                0x0000000008001370       0xd0 ./Drivers/STM32F0xx_HAL_Driver/Src/stm32f0xx_ll_usart.o
                0x0000000008001370                LL_USART_Init
 .text.LL_InitTick
                0x0000000008001440       0x34 ./Drivers/STM32F0xx_HAL_Driver/Src/stm32f0xx_ll_utils.o
 .text.LL_Init1msTick
                0x0000000008001474       0x1e ./Drivers/STM32F0xx_HAL_Driver/Src/stm32f0xx_ll_utils.o
                0x0000000008001474                LL_Init1msTick
 *fill*         0x0000000008001492        0x2 
 .text.LL_SetSystemCoreClock
                0x0000000008001494       0x1c ./Drivers/STM32F0xx_HAL_Driver/Src/stm32f0xx_ll_utils.o
                0x0000000008001494                LL_SetSystemCoreClock
 .text.memset   0x00000000080014b0       0x10 C:/appz/ST/STM32CubeIDE_1.10.1/STM32CubeIDE/plugins/com.st.stm32cube.ide.mcu.externaltools.gnu-tools-for-stm32.11.3.rel1.win32_1.1.0.202305231506/tools/bin/../lib/gcc/arm-none-eabi/11.3.1/../../../../arm-none-eabi/lib/thumb/v6-m/nofp\libc_nano.a(libc_a-memset.o)
                0x00000000080014b0                memset
 .text.__libc_init_array
                0x00000000080014c0       0x48 C:/appz/ST/STM32CubeIDE_1.10.1/STM32CubeIDE/plugins/com.st.stm32cube.ide.mcu.externaltools.gnu-tools-for-stm32.11.3.rel1.win32_1.1.0.202305231506/tools/bin/../lib/gcc/arm-none-eabi/11.3.1/../../../../arm-none-eabi/lib/thumb/v6-m/nofp\libc_nano.a(libc_a-init.o)
                0x00000000080014c0                __libc_init_array
 *(.glue_7)
 .glue_7        0x0000000008001508        0x0 linker stubs
 *(.glue_7t)
 .glue_7t       0x0000000008001508        0x0 linker stubs
 *(.eh_frame)
 .eh_frame      0x0000000008001508        0x0 C:/appz/ST/STM32CubeIDE_1.10.1/STM32CubeIDE/plugins/com.st.stm32cube.ide.mcu.externaltools.gnu-tools-for-stm32.11.3.rel1.win32_1.1.0.202305231506/tools/bin/../lib/gcc/arm-none-eabi/11.3.1/thumb/v6-m/nofp/crtbegin.o
 *(.init)
 .init          0x0000000008001508        0x4 C:/appz/ST/STM32CubeIDE_1.10.1/STM32CubeIDE/plugins/com.st.stm32cube.ide.mcu.externaltools.gnu-tools-for-stm32.11.3.rel1.win32_1.1.0.202305231506/tools/bin/../lib/gcc/arm-none-eabi/11.3.1/thumb/v6-m/nofp/crti.o
                0x0000000008001508                _init
 .init          0x000000000800150c        0x8 C:/appz/ST/STM32CubeIDE_1.10.1/STM32CubeIDE/plugins/com.st.stm32cube.ide.mcu.externaltools.gnu-tools-for-stm32.11.3.rel1.win32_1.1.0.202305231506/tools/bin/../lib/gcc/arm-none-eabi/11.3.1/thumb/v6-m/nofp/crtn.o
 *(.fini)
 .fini          0x0000000008001514        0x4 C:/appz/ST/STM32CubeIDE_1.10.1/STM32CubeIDE/plugins/com.st.stm32cube.ide.mcu.externaltools.gnu-tools-for-stm32.11.3.rel1.win32_1.1.0.202305231506/tools/bin/../lib/gcc/arm-none-eabi/11.3.1/thumb/v6-m/nofp/crti.o
                0x0000000008001514                _fini
 .fini          0x0000000008001518        0x8 C:/appz/ST/STM32CubeIDE_1.10.1/STM32CubeIDE/plugins/com.st.stm32cube.ide.mcu.externaltools.gnu-tools-for-stm32.11.3.rel1.win32_1.1.0.202305231506/tools/bin/../lib/gcc/arm-none-eabi/11.3.1/thumb/v6-m/nofp/crtn.o
                0x0000000008001520                . = ALIGN (0x4)
                0x0000000008001520                _etext = .

.vfp11_veneer   0x0000000008001520        0x0
 .vfp11_veneer  0x0000000008001520        0x0 linker stubs

.v4_bx          0x0000000008001520        0x0
 .v4_bx         0x0000000008001520        0x0 linker stubs

.iplt           0x0000000008001520        0x0
 .iplt          0x0000000008001520        0x0 C:/appz/ST/STM32CubeIDE_1.10.1/STM32CubeIDE/plugins/com.st.stm32cube.ide.mcu.externaltools.gnu-tools-for-stm32.11.3.rel1.win32_1.1.0.202305231506/tools/bin/../lib/gcc/arm-none-eabi/11.3.1/thumb/v6-m/nofp/crtbegin.o

.rodata         0x0000000008001520       0x18
                0x0000000008001520                . = ALIGN (0x4)
 *(.rodata)
 *(.rodata*)
 .rodata.AHBPrescTable
                0x0000000008001520       0x10 ./Core/Src/system_stm32f0xx.o
                0x0000000008001520                AHBPrescTable
 .rodata.APBPrescTable
                0x0000000008001530        0x8 ./Core/Src/system_stm32f0xx.o
                0x0000000008001530                APBPrescTable
                0x0000000008001538                . = ALIGN (0x4)

.rel.dyn        0x0000000008001538        0x0
 .rel.iplt      0x0000000008001538        0x0 C:/appz/ST/STM32CubeIDE_1.10.1/STM32CubeIDE/plugins/com.st.stm32cube.ide.mcu.externaltools.gnu-tools-for-stm32.11.3.rel1.win32_1.1.0.202305231506/tools/bin/../lib/gcc/arm-none-eabi/11.3.1/thumb/v6-m/nofp/crtbegin.o

.ARM.extab      0x0000000008001538        0x0
                0x0000000008001538                . = ALIGN (0x4)
 *(.ARM.extab* .gnu.linkonce.armextab.*)
                0x0000000008001538                . = ALIGN (0x4)

.ARM            0x0000000008001538        0x0
                0x0000000008001538                . = ALIGN (0x4)
                0x0000000008001538                __exidx_start = .
 *(.ARM.exidx*)
                0x0000000008001538                __exidx_end = .
                0x0000000008001538                . = ALIGN (0x4)

.preinit_array  0x0000000008001538        0x0
                0x0000000008001538                . = ALIGN (0x4)
                0x0000000008001538                PROVIDE (__preinit_array_start = .)
 *(.preinit_array*)
                0x0000000008001538                PROVIDE (__preinit_array_end = .)
                0x0000000008001538                . = ALIGN (0x4)

.init_array     0x0000000008001538        0x4
                0x0000000008001538                . = ALIGN (0x4)
                0x0000000008001538                PROVIDE (__init_array_start = .)
 *(SORT_BY_NAME(.init_array.*))
 *(.init_array*)
 .init_array    0x0000000008001538        0x4 C:/appz/ST/STM32CubeIDE_1.10.1/STM32CubeIDE/plugins/com.st.stm32cube.ide.mcu.externaltools.gnu-tools-for-stm32.11.3.rel1.win32_1.1.0.202305231506/tools/bin/../lib/gcc/arm-none-eabi/11.3.1/thumb/v6-m/nofp/crtbegin.o
                0x000000000800153c                PROVIDE (__init_array_end = .)
                0x000000000800153c                . = ALIGN (0x4)

.fini_array     0x000000000800153c        0x4
                0x000000000800153c                . = ALIGN (0x4)
                [!provide]                        PROVIDE (__fini_array_start = .)
 *(SORT_BY_NAME(.fini_array.*))
 *(.fini_array*)
 .fini_array    0x000000000800153c        0x4 C:/appz/ST/STM32CubeIDE_1.10.1/STM32CubeIDE/plugins/com.st.stm32cube.ide.mcu.externaltools.gnu-tools-for-stm32.11.3.rel1.win32_1.1.0.202305231506/tools/bin/../lib/gcc/arm-none-eabi/11.3.1/thumb/v6-m/nofp/crtbegin.o
                [!provide]                        PROVIDE (__fini_array_end = .)
                0x0000000008001540                . = ALIGN (0x4)
                0x0000000008001540                _sidata = LOADADDR (.data)

.data           0x0000000020000000        0x8 load address 0x0000000008001540
                0x0000000020000000                . = ALIGN (0x4)
                0x0000000020000000                _sdata = .
 *(.data)
 *(.data*)
 .data.debounce_s1.2
                0x0000000020000000        0x2 ./Core/Src/main.o
 .data.debounce_s2.1
                0x0000000020000002        0x2 ./Core/Src/main.o
 .data.SystemCoreClock
                0x0000000020000004        0x4 ./Core/Src/system_stm32f0xx.o
                0x0000000020000004                SystemCoreClock
 *(.RamFunc)
 *(.RamFunc*)
                0x0000000020000008                . = ALIGN (0x4)
                0x0000000020000008                _edata = .

.igot.plt       0x0000000020000008        0x0 load address 0x0000000008001548
 .igot.plt      0x0000000020000008        0x0 C:/appz/ST/STM32CubeIDE_1.10.1/STM32CubeIDE/plugins/com.st.stm32cube.ide.mcu.externaltools.gnu-tools-for-stm32.11.3.rel1.win32_1.1.0.202305231506/tools/bin/../lib/gcc/arm-none-eabi/11.3.1/thumb/v6-m/nofp/crtbegin.o
                0x0000000020000008                . = ALIGN (0x4)

.bss            0x0000000020000008       0x2c load address 0x0000000008001548
                0x0000000020000008                _sbss = .
                0x0000000020000008                __bss_start__ = _sbss
 *(.bss)
 .bss           0x0000000020000008       0x1c C:/appz/ST/STM32CubeIDE_1.10.1/STM32CubeIDE/plugins/com.st.stm32cube.ide.mcu.externaltools.gnu-tools-for-stm32.11.3.rel1.win32_1.1.0.202305231506/tools/bin/../lib/gcc/arm-none-eabi/11.3.1/thumb/v6-m/nofp/crtbegin.o
 *(.bss*)
 .bss.Tick      0x0000000020000024        0x4 ./Core/Src/main.o
                0x0000000020000024                Tick
 .bss.off_time  0x0000000020000028        0x4 ./Core/Src/main.o
 .bss.delay.3   0x000000002000002c        0x4 ./Core/Src/main.o
 .bss.delay_2.0
                0x0000000020000030        0x4 ./Core/Src/main.o
 *(COMMON)
                0x0000000020000034                . = ALIGN (0x4)
                0x0000000020000034                _ebss = .
                0x0000000020000034                __bss_end__ = _ebss

._user_heap_stack
                0x0000000020000034      0x604 load address 0x0000000008001548
                0x0000000020000038                . = ALIGN (0x8)
 *fill*         0x0000000020000034        0x4 
                [!provide]                        PROVIDE (end = .)
                0x0000000020000038                PROVIDE (_end = .)
                0x0000000020000238                . = (. + _Min_Heap_Size)
 *fill*         0x0000000020000038      0x200 
                0x0000000020000638                . = (. + _Min_Stack_Size)
 *fill*         0x0000000020000238      0x400 
                0x0000000020000638                . = ALIGN (0x8)

/DISCARD/
 libc.a(*)
 libm.a(*)
 libgcc.a(*)

.ARM.attributes
                0x0000000000000000       0x28
 *(.ARM.attributes)
 .ARM.attributes
                0x0000000000000000       0x1e C:/appz/ST/STM32CubeIDE_1.10.1/STM32CubeIDE/plugins/com.st.stm32cube.ide.mcu.externaltools.gnu-tools-for-stm32.11.3.rel1.win32_1.1.0.202305231506/tools/bin/../lib/gcc/arm-none-eabi/11.3.1/thumb/v6-m/nofp/crti.o
 .ARM.attributes
                0x000000000000001e       0x2c C:/appz/ST/STM32CubeIDE_1.10.1/STM32CubeIDE/plugins/com.st.stm32cube.ide.mcu.externaltools.gnu-tools-for-stm32.11.3.rel1.win32_1.1.0.202305231506/tools/bin/../lib/gcc/arm-none-eabi/11.3.1/thumb/v6-m/nofp/crtbegin.o
 .ARM.attributes
                0x000000000000004a       0x2c ./Core/Src/main.o
 .ARM.attributes
                0x0000000000000076       0x2c ./Core/Src/stm32f0xx_it.o
 .ARM.attributes
                0x00000000000000a2       0x2c ./Core/Src/system_stm32f0xx.o
 .ARM.attributes
                0x00000000000000ce       0x21 ./Core/Startup/startup_stm32f030r8tx.o
 .ARM.attributes
                0x00000000000000ef       0x2c ./Drivers/STM32F0xx_HAL_Driver/Src/stm32f0xx_ll_exti.o
 .ARM.attributes
                0x000000000000011b       0x2c ./Drivers/STM32F0xx_HAL_Driver/Src/stm32f0xx_ll_gpio.o
 .ARM.attributes
                0x0000000000000147       0x2c ./Drivers/STM32F0xx_HAL_Driver/Src/stm32f0xx_ll_rcc.o
 .ARM.attributes
                0x0000000000000173       0x2c ./Drivers/STM32F0xx_HAL_Driver/Src/stm32f0xx_ll_usart.o
 .ARM.attributes
                0x000000000000019f       0x2c ./Drivers/STM32F0xx_HAL_Driver/Src/stm32f0xx_ll_utils.o
 .ARM.attributes
                0x00000000000001cb       0x2c C:/appz/ST/STM32CubeIDE_1.10.1/STM32CubeIDE/plugins/com.st.stm32cube.ide.mcu.externaltools.gnu-tools-for-stm32.11.3.rel1.win32_1.1.0.202305231506/tools/bin/../lib/gcc/arm-none-eabi/11.3.1/../../../../arm-none-eabi/lib/thumb/v6-m/nofp\libc_nano.a(libc_a-memset.o)
 .ARM.attributes
                0x00000000000001f7       0x2c C:/appz/ST/STM32CubeIDE_1.10.1/STM32CubeIDE/plugins/com.st.stm32cube.ide.mcu.externaltools.gnu-tools-for-stm32.11.3.rel1.win32_1.1.0.202305231506/tools/bin/../lib/gcc/arm-none-eabi/11.3.1/../../../../arm-none-eabi/lib/thumb/v6-m/nofp\libc_nano.a(libc_a-init.o)
 .ARM.attributes
                0x0000000000000223       0x1e C:/appz/ST/STM32CubeIDE_1.10.1/STM32CubeIDE/plugins/com.st.stm32cube.ide.mcu.externaltools.gnu-tools-for-stm32.11.3.rel1.win32_1.1.0.202305231506/tools/bin/../lib/gcc/arm-none-eabi/11.3.1/thumb/v6-m/nofp\libgcc.a(_udivsi3.o)
 .ARM.attributes
                0x0000000000000241       0x1e C:/appz/ST/STM32CubeIDE_1.10.1/STM32CubeIDE/plugins/com.st.stm32cube.ide.mcu.externaltools.gnu-tools-for-stm32.11.3.rel1.win32_1.1.0.202305231506/tools/bin/../lib/gcc/arm-none-eabi/11.3.1/thumb/v6-m/nofp\libgcc.a(_dvmd_tls.o)
 .ARM.attributes
                0x000000000000025f       0x1e C:/appz/ST/STM32CubeIDE_1.10.1/STM32CubeIDE/plugins/com.st.stm32cube.ide.mcu.externaltools.gnu-tools-for-stm32.11.3.rel1.win32_1.1.0.202305231506/tools/bin/../lib/gcc/arm-none-eabi/11.3.1/thumb/v6-m/nofp/crtn.o
OUTPUT(cv2.elf elf32-littlearm)
LOAD linker stubs
LOAD C:/appz/ST/STM32CubeIDE_1.10.1/STM32CubeIDE/plugins/com.st.stm32cube.ide.mcu.externaltools.gnu-tools-for-stm32.11.3.rel1.win32_1.1.0.202305231506/tools/bin/../lib/gcc/arm-none-eabi/11.3.1/../../../../arm-none-eabi/lib/thumb/v6-m/nofp\libc.a
LOAD C:/appz/ST/STM32CubeIDE_1.10.1/STM32CubeIDE/plugins/com.st.stm32cube.ide.mcu.externaltools.gnu-tools-for-stm32.11.3.rel1.win32_1.1.0.202305231506/tools/bin/../lib/gcc/arm-none-eabi/11.3.1/../../../../arm-none-eabi/lib/thumb/v6-m/nofp\libm.a
LOAD C:/appz/ST/STM32CubeIDE_1.10.1/STM32CubeIDE/plugins/com.st.stm32cube.ide.mcu.externaltools.gnu-tools-for-stm32.11.3.rel1.win32_1.1.0.202305231506/tools/bin/../lib/gcc/arm-none-eabi/11.3.1/thumb/v6-m/nofp\libgcc.a

.comment        0x0000000000000000       0x43
 .comment       0x0000000000000000       0x43 C:/appz/ST/STM32CubeIDE_1.10.1/STM32CubeIDE/plugins/com.st.stm32cube.ide.mcu.externaltools.gnu-tools-for-stm32.11.3.rel1.win32_1.1.0.202305231506/tools/bin/../lib/gcc/arm-none-eabi/11.3.1/thumb/v6-m/nofp/crtbegin.o
                                         0x44 (size before relaxing)
 .comment       0x0000000000000043       0x44 ./Core/Src/main.o
 .comment       0x0000000000000043       0x44 ./Core/Src/stm32f0xx_it.o
 .comment       0x0000000000000043       0x44 ./Core/Src/system_stm32f0xx.o
 .comment       0x0000000000000043       0x44 ./Drivers/STM32F0xx_HAL_Driver/Src/stm32f0xx_ll_exti.o
 .comment       0x0000000000000043       0x44 ./Drivers/STM32F0xx_HAL_Driver/Src/stm32f0xx_ll_gpio.o
 .comment       0x0000000000000043       0x44 ./Drivers/STM32F0xx_HAL_Driver/Src/stm32f0xx_ll_rcc.o
 .comment       0x0000000000000043       0x44 ./Drivers/STM32F0xx_HAL_Driver/Src/stm32f0xx_ll_usart.o
 .comment       0x0000000000000043       0x44 ./Drivers/STM32F0xx_HAL_Driver/Src/stm32f0xx_ll_utils.o

.debug_info     0x0000000000000000     0x2be3
 .debug_info    0x0000000000000000      0xcf8 ./Core/Src/main.o
 .debug_info    0x0000000000000cf8      0x12e ./Core/Src/stm32f0xx_it.o
 .debug_info    0x0000000000000e26      0x23b ./Core/Src/system_stm32f0xx.o
 .debug_info    0x0000000000001061       0x23 ./Core/Startup/startup_stm32f030r8tx.o
 .debug_info    0x0000000000001084      0x330 ./Drivers/STM32F0xx_HAL_Driver/Src/stm32f0xx_ll_exti.o
 .debug_info    0x00000000000013b4      0x528 ./Drivers/STM32F0xx_HAL_Driver/Src/stm32f0xx_ll_gpio.o
 .debug_info    0x00000000000018dc      0x52f ./Drivers/STM32F0xx_HAL_Driver/Src/stm32f0xx_ll_rcc.o
 .debug_info    0x0000000000001e0b      0x66d ./Drivers/STM32F0xx_HAL_Driver/Src/stm32f0xx_ll_usart.o
 .debug_info    0x0000000000002478      0x76b ./Drivers/STM32F0xx_HAL_Driver/Src/stm32f0xx_ll_utils.o

.debug_abbrev   0x0000000000000000      0xea7
 .debug_abbrev  0x0000000000000000      0x397 ./Core/Src/main.o
 .debug_abbrev  0x0000000000000397       0x9a ./Core/Src/stm32f0xx_it.o
 .debug_abbrev  0x0000000000000431      0x11c ./Core/Src/system_stm32f0xx.o
 .debug_abbrev  0x000000000000054d       0x12 ./Core/Startup/startup_stm32f030r8tx.o
 .debug_abbrev  0x000000000000055f      0x159 ./Drivers/STM32F0xx_HAL_Driver/Src/stm32f0xx_ll_exti.o
 .debug_abbrev  0x00000000000006b8      0x1a2 ./Drivers/STM32F0xx_HAL_Driver/Src/stm32f0xx_ll_gpio.o
 .debug_abbrev  0x000000000000085a      0x206 ./Drivers/STM32F0xx_HAL_Driver/Src/stm32f0xx_ll_rcc.o
 .debug_abbrev  0x0000000000000a60      0x1ef ./Drivers/STM32F0xx_HAL_Driver/Src/stm32f0xx_ll_usart.o
 .debug_abbrev  0x0000000000000c4f      0x258 ./Drivers/STM32F0xx_HAL_Driver/Src/stm32f0xx_ll_utils.o

.debug_aranges  0x0000000000000000      0x4f0
 .debug_aranges
                0x0000000000000000      0x128 ./Core/Src/main.o
 .debug_aranges
                0x0000000000000128       0x40 ./Core/Src/stm32f0xx_it.o
 .debug_aranges
                0x0000000000000168       0x28 ./Core/Src/system_stm32f0xx.o
 .debug_aranges
                0x0000000000000190       0x28 ./Core/Startup/startup_stm32f030r8tx.o
 .debug_aranges
                0x00000000000001b8       0x70 ./Drivers/STM32F0xx_HAL_Driver/Src/stm32f0xx_ll_exti.o
 .debug_aranges
                0x0000000000000228       0x70 ./Drivers/STM32F0xx_HAL_Driver/Src/stm32f0xx_ll_gpio.o
 .debug_aranges
                0x0000000000000298       0xe8 ./Drivers/STM32F0xx_HAL_Driver/Src/stm32f0xx_ll_rcc.o
 .debug_aranges
                0x0000000000000380       0x88 ./Drivers/STM32F0xx_HAL_Driver/Src/stm32f0xx_ll_usart.o
 .debug_aranges
                0x0000000000000408       0xe8 ./Drivers/STM32F0xx_HAL_Driver/Src/stm32f0xx_ll_utils.o

.debug_rnglists
                0x0000000000000000      0x396
 .debug_rnglists
                0x0000000000000000       0xdd ./Core/Src/main.o
 .debug_rnglists
                0x00000000000000dd       0x2b ./Core/Src/stm32f0xx_it.o
 .debug_rnglists
                0x0000000000000108       0x1a ./Core/Src/system_stm32f0xx.o
 .debug_rnglists
                0x0000000000000122       0x19 ./Core/Startup/startup_stm32f030r8tx.o
 .debug_rnglists
                0x000000000000013b       0x50 ./Drivers/STM32F0xx_HAL_Driver/Src/stm32f0xx_ll_exti.o
 .debug_rnglists
                0x000000000000018b       0x51 ./Drivers/STM32F0xx_HAL_Driver/Src/stm32f0xx_ll_gpio.o
 .debug_rnglists
                0x00000000000001dc       0xab ./Drivers/STM32F0xx_HAL_Driver/Src/stm32f0xx_ll_rcc.o
 .debug_rnglists
                0x0000000000000287       0x62 ./Drivers/STM32F0xx_HAL_Driver/Src/stm32f0xx_ll_usart.o
 .debug_rnglists
                0x00000000000002e9       0xad ./Drivers/STM32F0xx_HAL_Driver/Src/stm32f0xx_ll_utils.o

.debug_macro    0x0000000000000000     0xa18f
 .debug_macro   0x0000000000000000      0x145 ./Core/Src/main.o
 .debug_macro   0x0000000000000145      0xaba ./Core/Src/main.o
 .debug_macro   0x0000000000000bff       0x2e ./Core/Src/main.o
 .debug_macro   0x0000000000000c2d       0x22 ./Core/Src/main.o
 .debug_macro   0x0000000000000c4f       0x22 ./Core/Src/main.o
 .debug_macro   0x0000000000000c71       0x8e ./Core/Src/main.o
 .debug_macro   0x0000000000000cff       0x51 ./Core/Src/main.o
 .debug_macro   0x0000000000000d50      0x103 ./Core/Src/main.o
 .debug_macro   0x0000000000000e53       0x6a ./Core/Src/main.o
 .debug_macro   0x0000000000000ebd      0x1df ./Core/Src/main.o
 .debug_macro   0x000000000000109c       0x1c ./Core/Src/main.o
 .debug_macro   0x00000000000010b8       0x22 ./Core/Src/main.o
 .debug_macro   0x00000000000010da       0xaf ./Core/Src/main.o
 .debug_macro   0x0000000000001189      0x391 ./Core/Src/main.o
 .debug_macro   0x000000000000151a     0x6f40 ./Core/Src/main.o
 .debug_macro   0x000000000000845a       0x66 ./Core/Src/main.o
 .debug_macro   0x00000000000084c0      0x3d4 ./Core/Src/main.o
 .debug_macro   0x0000000000008894       0xcb ./Core/Src/main.o
 .debug_macro   0x000000000000895f      0x176 ./Core/Src/main.o
 .debug_macro   0x0000000000008ad5       0xd0 ./Core/Src/main.o
 .debug_macro   0x0000000000008ba5       0x16 ./Core/Src/main.o
 .debug_macro   0x0000000000008bbb       0x2a ./Core/Src/main.o
 .debug_macro   0x0000000000008be5       0x68 ./Core/Src/main.o
 .debug_macro   0x0000000000008c4d      0x215 ./Core/Src/main.o
 .debug_macro   0x0000000000008e62      0x264 ./Core/Src/main.o
 .debug_macro   0x00000000000090c6      0x11f ./Core/Src/main.o
 .debug_macro   0x00000000000091e5       0x9a ./Core/Src/main.o
 .debug_macro   0x000000000000927f      0x137 ./Core/Src/stm32f0xx_it.o
 .debug_macro   0x00000000000093b6       0xc0 ./Core/Src/system_stm32f0xx.o
 .debug_macro   0x0000000000009476       0xe1 ./Drivers/STM32F0xx_HAL_Driver/Src/stm32f0xx_ll_exti.o
 .debug_macro   0x0000000000009557       0xca ./Drivers/STM32F0xx_HAL_Driver/Src/stm32f0xx_ll_exti.o
 .debug_macro   0x0000000000009621       0xfc ./Drivers/STM32F0xx_HAL_Driver/Src/stm32f0xx_ll_gpio.o
 .debug_macro   0x000000000000971d      0x119 ./Drivers/STM32F0xx_HAL_Driver/Src/stm32f0xx_ll_gpio.o
 .debug_macro   0x0000000000009836       0xdb ./Drivers/STM32F0xx_HAL_Driver/Src/stm32f0xx_ll_rcc.o
 .debug_macro   0x0000000000009911      0x3ce ./Drivers/STM32F0xx_HAL_Driver/Src/stm32f0xx_ll_rcc.o
 .debug_macro   0x0000000000009cdf      0x129 ./Drivers/STM32F0xx_HAL_Driver/Src/stm32f0xx_ll_usart.o
 .debug_macro   0x0000000000009e08      0x25e ./Drivers/STM32F0xx_HAL_Driver/Src/stm32f0xx_ll_usart.o
 .debug_macro   0x000000000000a066      0x129 ./Drivers/STM32F0xx_HAL_Driver/Src/stm32f0xx_ll_utils.o

.debug_line     0x0000000000000000     0x3e73
 .debug_line    0x0000000000000000      0xb3b ./Core/Src/main.o
 .debug_line    0x0000000000000b3b      0x688 ./Core/Src/stm32f0xx_it.o
 .debug_line    0x00000000000011c3      0x565 ./Core/Src/system_stm32f0xx.o
 .debug_line    0x0000000000001728       0x7b ./Core/Startup/startup_stm32f030r8tx.o
 .debug_line    0x00000000000017a3      0x688 ./Drivers/STM32F0xx_HAL_Driver/Src/stm32f0xx_ll_exti.o
 .debug_line    0x0000000000001e2b      0x6d3 ./Drivers/STM32F0xx_HAL_Driver/Src/stm32f0xx_ll_gpio.o
 .debug_line    0x00000000000024fe      0x8cd ./Drivers/STM32F0xx_HAL_Driver/Src/stm32f0xx_ll_rcc.o
 .debug_line    0x0000000000002dcb      0x763 ./Drivers/STM32F0xx_HAL_Driver/Src/stm32f0xx_ll_usart.o
 .debug_line    0x000000000000352e      0x945 ./Drivers/STM32F0xx_HAL_Driver/Src/stm32f0xx_ll_utils.o

.debug_str      0x0000000000000000    0x34335
 .debug_str     0x0000000000000000    0x32301 ./Core/Src/main.o
                                      0x324c2 (size before relaxing)
 .debug_str     0x0000000000032301       0x76 ./Core/Src/stm32f0xx_it.o
                                      0x31ec1 (size before relaxing)
 .debug_str     0x0000000000032377       0x9c ./Core/Src/system_stm32f0xx.o
                                      0x2c66c (size before relaxing)
 .debug_str     0x0000000000032413       0x34 ./Core/Startup/startup_stm32f030r8tx.o
                                         0x51 (size before relaxing)
 .debug_str     0x0000000000032447      0x338 ./Drivers/STM32F0xx_HAL_Driver/Src/stm32f0xx_ll_exti.o
                                      0x2cd5e (size before relaxing)
 .debug_str     0x000000000003277f      0x4dd ./Drivers/STM32F0xx_HAL_Driver/Src/stm32f0xx_ll_gpio.o
                                      0x2d7d1 (size before relaxing)
 .debug_str     0x0000000000032c5c      0x367 ./Drivers/STM32F0xx_HAL_Driver/Src/stm32f0xx_ll_rcc.o
                                      0x2e47d (size before relaxing)
 .debug_str     0x0000000000032fc3      0x7e5 ./Drivers/STM32F0xx_HAL_Driver/Src/stm32f0xx_ll_usart.o
                                      0x2fc8c (size before relaxing)
 .debug_str     0x00000000000337a8      0xb8d ./Drivers/STM32F0xx_HAL_Driver/Src/stm32f0xx_ll_utils.o
                                      0x2fab3 (size before relaxing)

.debug_frame    0x0000000000000000     0x1060
 .debug_frame   0x0000000000000000      0x420 ./Core/Src/main.o
 .debug_frame   0x0000000000000420       0x9c ./Core/Src/stm32f0xx_it.o
 .debug_frame   0x00000000000004bc       0x4c ./Core/Src/system_stm32f0xx.o
 .debug_frame   0x0000000000000508      0x16c ./Drivers/STM32F0xx_HAL_Driver/Src/stm32f0xx_ll_exti.o
 .debug_frame   0x0000000000000674      0x170 ./Drivers/STM32F0xx_HAL_Driver/Src/stm32f0xx_ll_gpio.o
 .debug_frame   0x00000000000007e4      0x318 ./Drivers/STM32F0xx_HAL_Driver/Src/stm32f0xx_ll_rcc.o
 .debug_frame   0x0000000000000afc      0x1d0 ./Drivers/STM32F0xx_HAL_Driver/Src/stm32f0xx_ll_usart.o
 .debug_frame   0x0000000000000ccc      0x328 ./Drivers/STM32F0xx_HAL_Driver/Src/stm32f0xx_ll_utils.o
 .debug_frame   0x0000000000000ff4       0x20 C:/appz/ST/STM32CubeIDE_1.10.1/STM32CubeIDE/plugins/com.st.stm32cube.ide.mcu.externaltools.gnu-tools-for-stm32.11.3.rel1.win32_1.1.0.202305231506/tools/bin/../lib/gcc/arm-none-eabi/11.3.1/../../../../arm-none-eabi/lib/thumb/v6-m/nofp\libc_nano.a(libc_a-memset.o)
 .debug_frame   0x0000000000001014       0x2c C:/appz/ST/STM32CubeIDE_1.10.1/STM32CubeIDE/plugins/com.st.stm32cube.ide.mcu.externaltools.gnu-tools-for-stm32.11.3.rel1.win32_1.1.0.202305231506/tools/bin/../lib/gcc/arm-none-eabi/11.3.1/../../../../arm-none-eabi/lib/thumb/v6-m/nofp\libc_nano.a(libc_a-init.o)
 .debug_frame   0x0000000000001040       0x20 C:/appz/ST/STM32CubeIDE_1.10.1/STM32CubeIDE/plugins/com.st.stm32cube.ide.mcu.externaltools.gnu-tools-for-stm32.11.3.rel1.win32_1.1.0.202305231506/tools/bin/../lib/gcc/arm-none-eabi/11.3.1/thumb/v6-m/nofp\libgcc.a(_udivsi3.o)

.debug_line_str
                0x0000000000000000       0x45
 .debug_line_str
                0x0000000000000000       0x45 ./Core/Startup/startup_stm32f030r8tx.o
                                         0x5d (size before relaxing)
